// Jest Snapshot v1, https://goo.gl/fbAQLP

exports[`EditComponent component test EditComponent component rendered succesfully 1`] = `
<EditComponent>
  <Tabs
    defaultFocus={false}
    defaultIndex={null}
    forceRenderTabPanel={false}
    onSelect={[Function]}
    selectedIndex={0}
  >
    <UncontrolledTabs
      className="react-tabs"
      focus={false}
      forceRenderTabPanel={false}
      onSelect={[Function]}
      selectedIndex={0}
    >
      <div
        className="react-tabs"
        data-tabs={true}
        onClick={[Function]}
        onKeyDown={[Function]}
      >
        <TabList
          className="react-tabs__tab-list"
          key=".0"
        >
          <ul
            className="react-tabs__tab-list"
            role="tablist"
          >
            <Tab
              className="react-tabs__tab"
              disabledClassName="react-tabs__tab--disabled"
              focus={false}
              id="react-tabs-0"
              key=".0"
              panelId="react-tabs-1"
              selected={true}
              selectedClassName="react-tabs__tab--selected"
              tabRef={[Function]}
            >
              <li
                aria-controls="react-tabs-1"
                aria-disabled="false"
                aria-selected="true"
                className="react-tabs__tab react-tabs__tab--selected"
                id="react-tabs-0"
                role="tab"
                tabIndex="0"
              >
                Title 1
              </li>
            </Tab>
            <Tab
              className="react-tabs__tab"
              disabledClassName="react-tabs__tab--disabled"
              focus={false}
              id="react-tabs-2"
              key=".1"
              panelId="react-tabs-3"
              selected={false}
              selectedClassName="react-tabs__tab--selected"
              tabRef={[Function]}
            >
              <li
                aria-controls="react-tabs-3"
                aria-disabled="false"
                aria-selected="false"
                className="react-tabs__tab"
                id="react-tabs-2"
                role="tab"
                tabIndex={null}
              >
                Title 2
              </li>
            </Tab>
          </ul>
        </TabList>
        <TabPanel
          className="react-tabs__tab-panel"
          forceRender={false}
          id="react-tabs-1"
          key=".1"
          selected={true}
          selectedClassName="react-tabs__tab-panel--selected"
          tabId="react-tabs-0"
        >
          <div
            aria-labelledby="react-tabs-0"
            className="react-tabs__tab-panel react-tabs__tab-panel--selected"
            id="react-tabs-1"
            role="tabpanel"
          >
            <button>
              Edut1
            </button>
          </div>
        </TabPanel>
        <TabPanel
          className="react-tabs__tab-panel"
          forceRender={false}
          id="react-tabs-3"
          key=".2"
          selected={false}
          selectedClassName="react-tabs__tab-panel--selected"
          tabId="react-tabs-2"
        >
          <div
            aria-labelledby="react-tabs-2"
            className="react-tabs__tab-panel"
            id="react-tabs-3"
            role="tabpanel"
          />
        </TabPanel>
      </div>
    </UncontrolledTabs>
  </Tabs>
</EditComponent>
`;
